[    1425ms] [ERROR] Failed to load resource: the server responded with a status of 404 (Not Found) @ https://www.cirq-hall.jp/wp-content/themes/new_cirq/common/css/scss_styles.css:0
[    1711ms] TypeError: window[e].init is not a function
    at a.onload (<anonymous>:1:197)
[    6306ms] [WARNING] The resource https://www.cirq-hall.jp/wp-content/themes/new_cirq/common/css/scss_styles.css was preloaded using link preload but not used within a few seconds from the window's load event. Please make sure it has an appropriate `as` value and it is preloaded intentionally. @ https://www.cirq-hall.jp/contact/:0
[   50185ms] [WARNING] The resource https://www.cirq-hall.jp/wp-content/themes/new_cirq/common/css/scss_styles.css was preloaded using link preload but not used within a few seconds from the window's load event. Please make sure it has an appropriate `as` value and it is preloaded intentionally. @ https://www.cirq-hall.jp/contact/:0
[   61002ms] [WARNING] The resource https://www.cirq-hall.jp/wp-content/themes/new_cirq/common/css/scss_styles.css was preloaded using link preload but not used within a few seconds from the window's load event. Please make sure it has an appropriate `as` value and it is preloaded intentionally. @ https://www.cirq-hall.jp/contact/:0
[  390367ms] [WARNING] The resource https://www.cirq-hall.jp/wp-content/themes/new_cirq/common/css/scss_styles.css was preloaded using link preload but not used within a few seconds from the window's load event. Please make sure it has an appropriate `as` value and it is preloaded intentionally. @ https://www.cirq-hall.jp/contact/:0
[    1425ms] [ERROR] Failed to load resource: the server responded with a status of 404 (Not Found) @ https://www.cirq-hall.jp/wp-content/themes/new_cirq/common/css/scss_styles.css:0
[    6306ms] [WARNING] The resource https://www.cirq-hall.jp/wp-content/themes/new_cirq/common/css/scss_styles.css was preloaded using link preload but not used within a few seconds from the window's load event. Please make sure it has an appropriate `as` value and it is preloaded intentionally. @ https://www.cirq-hall.jp/contact/:0
[   50185ms] [WARNING] The resource https://www.cirq-hall.jp/wp-content/themes/new_cirq/common/css/scss_styles.css was preloaded using link preload but not used within a few seconds from the window's load event. Please make sure it has an appropriate `as` value and it is preloaded intentionally. @ https://www.cirq-hall.jp/contact/:0
[   61002ms] [WARNING] The resource https://www.cirq-hall.jp/wp-content/themes/new_cirq/common/css/scss_styles.css was preloaded using link preload but not used within a few seconds from the window's load event. Please make sure it has an appropriate `as` value and it is preloaded intentionally. @ https://www.cirq-hall.jp/contact/:0
[  390367ms] [WARNING] The resource https://www.cirq-hall.jp/wp-content/themes/new_cirq/common/css/scss_styles.css was preloaded using link preload but not used within a few seconds from the window's load event. Please make sure it has an appropriate `as` value and it is preloaded intentionally. @ https://www.cirq-hall.jp/contact/:0
[  435148ms] TypeError: e.indexOf is not a function
    at ce.fn.load (https://www.cirq-hall.jp/wp-content/themes/new_cirq/common/inc/jquery-3.7.1/jquery.min.js:2:82864)
    at https://www.cirq-hall.jp/wp-content/themes/new_cirq/common/js/common.js:12:11
[  435191ms] TypeError: window[e].init is not a function
    at a.onload (<anonymous>:1:197)
[  435191ms] Uncaught [object Object]
    at error (https://www.googletagmanager.com/gtm.js?id=GTM-TRQKNTX:110:503)
    at l.postscribe.c.l.onerror (https://www.googletagmanager.com/gtm.js?id=GTM-TRQKNTX:119:160)
[  435444ms] [ERROR] Failed to load resource: the server responded with a status of 404 (Not Found) @ https://www.cirq-hall.jp/wp-content/themes/new_cirq/common/css/scss_styles.css:0
[  438488ms] [WARNING] The resource https://www.cirq-hall.jp/wp-content/themes/new_cirq/common/css/scss_styles.css was preloaded using link preload but not used within a few seconds from the window's load event. Please make sure it has an appropriate `as` value and it is preloaded intentionally. @ https://www.cirq-hall.jp/thanks/:0
